0 verbose cli /usr/bin/node /usr/bin/npm
1 info using npm@10.9.1
2 info using node@v22.23.2
3 silly config load:file:/usr/lib/node_modules/npm/npmrc
4 silly config load:file:/public/.npmrc
5 silly config load:file:/etc/npmrc
6 verbose title npm install typescript-language-server typescript
7 verbose argv "install" "--global" "typescript-language-server" "typescript"
8 verbose logfile logs-max:10 dir:/public/.npm/_logs/2026-08-14T12_49_09_802Z-
9 verbose logfile /public/.npm/_logs/2026-08-14T12_49_09_802Z-debug-0.log
10 silly packumentCache heap:2019033088 maxSize:504758272 maxEntrySize:252379136
11 silly logfile done cleaning log files
12 silly idealTree buildDeps
13 silly fetch manifest typescript-language-server@*
14 silly packumentCache full:https://registry.npmjs.org/typescript-language-server cache-miss
15 http fetch GET 200 https://registry.npmjs.org/typescript-language-server 5455ms (cache miss)
16 silly packumentCache full:https://registry.npmjs.org/typescript-language-server set size:undefined disposed:false
17 silly fetch manifest typescript@*
18 silly packumentCache full:https://registry.npmjs.org/typescript cache-miss
19 silly placeDep ROOT typescript@ OK for:  want: *
20 silly placeDep ROOT typescript-language-server@5.3.0 OK for:  want: *
21 verbose type system
22 verbose stack FetchError: Invalid response body while trying to fetch https://registry.npmjs.org/typescript: read ETIMEDOUT
22 verbose stack     at /usr/lib/node_modules/npm/node_modules/minipass-fetch/lib/body.js:170:15
22 verbose stack     at process.processTicksAndRejections (node:internal/process/task_queues:103:5)
22 verbose stack     at async Response.json (/usr/lib/node_modules/npm/node_modules/minipass-fetch/lib/body.js:75:17)
22 verbose stack     at async RegistryFetcher.packument (/usr/lib/node_modules/npm/node_modules/pacote/lib/registry.js:98:25)
22 verbose stack     at async RegistryFetcher.manifest (/usr/lib/node_modules/npm/node_modules/pacote/lib/registry.js:128:23)
22 verbose stack     at async #fetchManifest (/usr/lib/node_modules/npm/node_modules/@npmcli/arborist/lib/arborist/build-ideal-tree.js:1202:20)
22 verbose stack     at async #nodeFromEdge (/usr/lib/node_modules/npm/node_modules/@npmcli/arborist/lib/arborist/build-ideal-tree.js:1040:19)
22 verbose stack     at async #buildDepStep (/usr/lib/node_modules/npm/node_modules/@npmcli/arborist/lib/arborist/build-ideal-tree.js:904:11)
22 verbose stack     at async Arborist.buildIdealTree (/usr/lib/node_modules/npm/node_modules/@npmcli/arborist/lib/arborist/build-ideal-tree.js:181:7)
22 verbose stack     at async Arborist.reify (/usr/lib/node_modules/npm/node_modules/@npmcli/arborist/lib/arborist/reify.js:131:5)
23 error code ETIMEDOUT
24 error syscall read
25 error errno ETIMEDOUT
26 error network Invalid response body while trying to fetch https://registry.npmjs.org/typescript: read ETIMEDOUT
27 error network This is a problem related to network connectivity.
27 error network In most cases you are behind a proxy or have bad network settings.
27 error network
27 error network If you are behind a proxy, please make sure that the
27 error network 'proxy' config is set properly.  See: 'npm help config'
28 silly unfinished npm timer reify 1786711761908
29 silly unfinished npm timer reify:loadTrees 1786711761967
30 verbose cwd /
31 verbose os Linux 5.15.178-android13-8-00007-g362d545d31a5-ab14608873
32 verbose node v22.23.2
33 verbose npm  v10.9.1
34 verbose exit 1
35 verbose code 1
36 error A complete log of this run can be found in: /public/.npm/_logs/2026-08-14T12_49_09_802Z-debug-0.log
