0 verbose cli /usr/bin/node /usr/bin/npm
1 info using npm@10.9.1
2 info using node@v22.23.2
3 silly config load:file:/usr/lib/node_modules/npm/npmrc
4 silly config load:file:/public/.npmrc
5 silly config load:file:/etc/npmrc
6 verbose title npm install typescript-language-server typescript
7 verbose argv "install" "--global" "typescript-language-server" "typescript"
8 verbose logfile logs-max:10 dir:/public/.npm/_logs/2026-08-02T15_34_15_750Z-
9 verbose logfile /public/.npm/_logs/2026-08-02T15_34_15_750Z-debug-0.log
10 silly packumentCache heap:2019033088 maxSize:504758272 maxEntrySize:252379136
11 silly logfile done cleaning log files
12 silly idealTree buildDeps
13 silly fetch manifest typescript-language-server@*
14 silly packumentCache full:https://registry.npmjs.org/typescript-language-server cache-miss
15 http fetch GET 200 https://registry.npmjs.org/typescript-language-server 694ms (cache miss)
16 silly packumentCache full:https://registry.npmjs.org/typescript-language-server set size:undefined disposed:false
17 silly fetch manifest typescript@*
18 silly packumentCache full:https://registry.npmjs.org/typescript cache-miss
19 http cache https://registry.npmjs.org/typescript 199ms (cache hit)
20 silly packumentCache full:https://registry.npmjs.org/typescript set size:15505578 disposed:false
21 silly placeDep ROOT typescript@7.0.2 OK for:  want: *
22 silly placeDep ROOT typescript-language-server@5.3.0 OK for:  want: *
23 silly fetch manifest @typescript/typescript-aix-ppc64@7.0.2
24 silly packumentCache full:https://registry.npmjs.org/@typescript%2ftypescript-aix-ppc64 cache-miss
25 silly fetch manifest @typescript/typescript-linux-arm@7.0.2
26 silly packumentCache full:https://registry.npmjs.org/@typescript%2ftypescript-linux-arm cache-miss
27 silly fetch manifest @typescript/typescript-linux-x64@7.0.2
28 silly packumentCache full:https://registry.npmjs.org/@typescript%2ftypescript-linux-x64 cache-miss
29 silly fetch manifest @typescript/typescript-sunos-x64@7.0.2
30 silly packumentCache full:https://registry.npmjs.org/@typescript%2ftypescript-sunos-x64 cache-miss
31 silly fetch manifest @typescript/typescript-win32-x64@7.0.2
32 silly packumentCache full:https://registry.npmjs.org/@typescript%2ftypescript-win32-x64 cache-miss
33 silly fetch manifest @typescript/typescript-darwin-x64@7.0.2
34 silly packumentCache full:https://registry.npmjs.org/@typescript%2ftypescript-darwin-x64 cache-miss
35 silly fetch manifest @typescript/typescript-netbsd-x64@7.0.2
36 silly packumentCache full:https://registry.npmjs.org/@typescript%2ftypescript-netbsd-x64 cache-miss
37 http fetch GET 200 https://registry.npmjs.org/@typescript%2ftypescript-aix-ppc64 163ms (cache miss)
38 silly packumentCache full:https://registry.npmjs.org/@typescript%2ftypescript-aix-ppc64 set size:undefined disposed:false
39 silly fetch manifest @typescript/typescript-freebsd-x64@7.0.2
40 silly packumentCache full:https://registry.npmjs.org/@typescript%2ftypescript-freebsd-x64 cache-miss
41 http fetch GET 200 https://registry.npmjs.org/@typescript%2ftypescript-freebsd-x64 179ms (cache miss)
42 silly packumentCache full:https://registry.npmjs.org/@typescript%2ftypescript-freebsd-x64 set size:undefined disposed:false
43 silly fetch manifest @typescript/typescript-linux-arm64@7.0.2
44 silly packumentCache full:https://registry.npmjs.org/@typescript%2ftypescript-linux-arm64 cache-miss
45 http fetch GET 200 https://registry.npmjs.org/@typescript%2ftypescript-linux-x64 377ms (cache miss)
46 silly packumentCache full:https://registry.npmjs.org/@typescript%2ftypescript-linux-x64 set size:undefined disposed:false
47 silly fetch manifest @typescript/typescript-linux-ppc64@7.0.2
48 silly packumentCache full:https://registry.npmjs.org/@typescript%2ftypescript-linux-ppc64 cache-miss
49 http fetch GET 200 https://registry.npmjs.org/@typescript%2ftypescript-win32-x64 445ms (cache miss)
50 silly packumentCache full:https://registry.npmjs.org/@typescript%2ftypescript-win32-x64 set size:undefined disposed:false
51 silly fetch manifest @typescript/typescript-linux-s390x@7.0.2
52 silly packumentCache full:https://registry.npmjs.org/@typescript%2ftypescript-linux-s390x cache-miss
53 http fetch GET 200 https://registry.npmjs.org/@typescript%2ftypescript-sunos-x64 463ms (cache miss)
54 silly packumentCache full:https://registry.npmjs.org/@typescript%2ftypescript-sunos-x64 set size:undefined disposed:false
55 silly fetch manifest @typescript/typescript-openbsd-x64@7.0.2
56 silly packumentCache full:https://registry.npmjs.org/@typescript%2ftypescript-openbsd-x64 cache-miss
57 http fetch GET 200 https://registry.npmjs.org/@typescript%2ftypescript-linux-arm 485ms (cache miss)
58 silly packumentCache full:https://registry.npmjs.org/@typescript%2ftypescript-linux-arm set size:undefined disposed:false
59 silly fetch manifest @typescript/typescript-win32-arm64@7.0.2
60 silly packumentCache full:https://registry.npmjs.org/@typescript%2ftypescript-win32-arm64 cache-miss
61 http fetch GET 200 https://registry.npmjs.org/@typescript%2ftypescript-darwin-x64 496ms (cache miss)
62 silly packumentCache full:https://registry.npmjs.org/@typescript%2ftypescript-darwin-x64 set size:undefined disposed:false
63 silly fetch manifest @typescript/typescript-darwin-arm64@7.0.2
64 silly packumentCache full:https://registry.npmjs.org/@typescript%2ftypescript-darwin-arm64 cache-miss
65 http fetch GET 200 https://registry.npmjs.org/@typescript%2ftypescript-netbsd-x64 505ms (cache miss)
66 silly packumentCache full:https://registry.npmjs.org/@typescript%2ftypescript-netbsd-x64 set size:undefined disposed:false
67 silly fetch manifest @typescript/typescript-netbsd-arm64@7.0.2
68 silly packumentCache full:https://registry.npmjs.org/@typescript%2ftypescript-netbsd-arm64 cache-miss
69 http fetch GET 200 https://registry.npmjs.org/@typescript%2ftypescript-linux-arm64 184ms (cache miss)
70 silly packumentCache full:https://registry.npmjs.org/@typescript%2ftypescript-linux-arm64 set size:undefined disposed:false
71 silly fetch manifest @typescript/typescript-freebsd-arm64@7.0.2
72 silly packumentCache full:https://registry.npmjs.org/@typescript%2ftypescript-freebsd-arm64 cache-miss
73 http fetch GET 200 https://registry.npmjs.org/@typescript%2ftypescript-linux-ppc64 176ms (cache miss)
74 silly packumentCache full:https://registry.npmjs.org/@typescript%2ftypescript-linux-ppc64 set size:undefined disposed:false
75 silly fetch manifest @typescript/typescript-linux-loong64@7.0.2
76 silly packumentCache full:https://registry.npmjs.org/@typescript%2ftypescript-linux-loong64 cache-miss
77 http fetch GET 200 https://registry.npmjs.org/@typescript%2ftypescript-openbsd-x64 575ms (cache miss)
78 silly packumentCache full:https://registry.npmjs.org/@typescript%2ftypescript-openbsd-x64 set size:undefined disposed:false
79 silly fetch manifest @typescript/typescript-linux-riscv64@7.0.2
80 silly packumentCache full:https://registry.npmjs.org/@typescript%2ftypescript-linux-riscv64 cache-miss
81 http fetch GET 200 https://registry.npmjs.org/@typescript%2ftypescript-linux-s390x 601ms (cache miss)
82 silly packumentCache full:https://registry.npmjs.org/@typescript%2ftypescript-linux-s390x set size:undefined disposed:false
83 silly fetch manifest @typescript/typescript-openbsd-arm64@7.0.2
84 silly packumentCache full:https://registry.npmjs.org/@typescript%2ftypescript-openbsd-arm64 cache-miss
85 http fetch GET 200 https://registry.npmjs.org/@typescript%2ftypescript-linux-loong64 496ms (cache miss)
86 silly packumentCache full:https://registry.npmjs.org/@typescript%2ftypescript-linux-loong64 set size:undefined disposed:false
87 silly fetch manifest @typescript/typescript-linux-mips64el@7.0.2
88 silly packumentCache full:https://registry.npmjs.org/@typescript%2ftypescript-linux-mips64el cache-miss
89 http fetch GET 200 https://registry.npmjs.org/@typescript%2ftypescript-darwin-arm64 559ms (cache miss)
90 silly packumentCache full:https://registry.npmjs.org/@typescript%2ftypescript-darwin-arm64 set size:undefined disposed:false
91 http fetch GET 200 https://registry.npmjs.org/@typescript%2ftypescript-freebsd-arm64 535ms (cache miss)
92 silly packumentCache full:https://registry.npmjs.org/@typescript%2ftypescript-freebsd-arm64 set size:undefined disposed:false
93 http fetch GET 200 https://registry.npmjs.org/@typescript%2ftypescript-win32-arm64 582ms (cache miss)
94 silly packumentCache full:https://registry.npmjs.org/@typescript%2ftypescript-win32-arm64 set size:undefined disposed:false
95 http fetch GET 200 https://registry.npmjs.org/@typescript%2ftypescript-netbsd-arm64 557ms (cache miss)
96 silly packumentCache full:https://registry.npmjs.org/@typescript%2ftypescript-netbsd-arm64 set size:undefined disposed:false
97 http fetch GET 200 https://registry.npmjs.org/@typescript%2ftypescript-linux-riscv64 143ms (cache miss)
98 silly packumentCache full:https://registry.npmjs.org/@typescript%2ftypescript-linux-riscv64 set size:undefined disposed:false
99 http fetch GET 200 https://registry.npmjs.org/@typescript%2ftypescript-linux-mips64el 140ms (cache miss)
100 silly packumentCache full:https://registry.npmjs.org/@typescript%2ftypescript-linux-mips64el set size:undefined disposed:false
101 http fetch GET 200 https://registry.npmjs.org/@typescript%2ftypescript-openbsd-arm64 148ms (cache miss)
102 silly packumentCache full:https://registry.npmjs.org/@typescript%2ftypescript-openbsd-arm64 set size:undefined disposed:false
103 silly placeDep node_modules/typescript @typescript/typescript-aix-ppc64@7.0.2 OK for: typescript@7.0.2 want: 7.0.2
104 silly placeDep node_modules/typescript @typescript/typescript-darwin-arm64@7.0.2 OK for: typescript@7.0.2 want: 7.0.2
105 silly placeDep node_modules/typescript @typescript/typescript-darwin-x64@7.0.2 OK for: typescript@7.0.2 want: 7.0.2
106 silly placeDep node_modules/typescript @typescript/typescript-freebsd-arm64@7.0.2 OK for: typescript@7.0.2 want: 7.0.2
107 silly placeDep node_modules/typescript @typescript/typescript-freebsd-x64@7.0.2 OK for: typescript@7.0.2 want: 7.0.2
108 silly placeDep node_modules/typescript @typescript/typescript-linux-arm@7.0.2 OK for: typescript@7.0.2 want: 7.0.2
109 silly placeDep node_modules/typescript @typescript/typescript-linux-arm64@7.0.2 OK for: typescript@7.0.2 want: 7.0.2
110 silly placeDep node_modules/typescript @typescript/typescript-linux-loong64@7.0.2 OK for: typescript@7.0.2 want: 7.0.2
111 silly placeDep node_modules/typescript @typescript/typescript-linux-mips64el@7.0.2 OK for: typescript@7.0.2 want: 7.0.2
112 silly placeDep node_modules/typescript @typescript/typescript-linux-ppc64@7.0.2 OK for: typescript@7.0.2 want: 7.0.2
113 silly placeDep node_modules/typescript @typescript/typescript-linux-riscv64@7.0.2 OK for: typescript@7.0.2 want: 7.0.2
114 silly placeDep node_modules/typescript @typescript/typescript-linux-s390x@7.0.2 OK for: typescript@7.0.2 want: 7.0.2
115 silly placeDep node_modules/typescript @typescript/typescript-linux-x64@7.0.2 OK for: typescript@7.0.2 want: 7.0.2
116 silly placeDep node_modules/typescript @typescript/typescript-netbsd-arm64@7.0.2 OK for: typescript@7.0.2 want: 7.0.2
117 silly placeDep node_modules/typescript @typescript/typescript-netbsd-x64@7.0.2 OK for: typescript@7.0.2 want: 7.0.2
118 silly placeDep node_modules/typescript @typescript/typescript-openbsd-arm64@7.0.2 OK for: typescript@7.0.2 want: 7.0.2
119 silly placeDep node_modules/typescript @typescript/typescript-openbsd-x64@7.0.2 OK for: typescript@7.0.2 want: 7.0.2
120 silly placeDep node_modules/typescript @typescript/typescript-sunos-x64@7.0.2 OK for: typescript@7.0.2 want: 7.0.2
121 silly placeDep node_modules/typescript @typescript/typescript-win32-arm64@7.0.2 OK for: typescript@7.0.2 want: 7.0.2
122 silly placeDep node_modules/typescript @typescript/typescript-win32-x64@7.0.2 OK for: typescript@7.0.2 want: 7.0.2
123 silly reify moves {}
124 verbose reify failed optional dependency /usr/local/lib/node_modules/typescript/node_modules/@typescript/typescript-win32-x64
125 silly reify mark deleted [
125 silly reify   '/usr/local/lib/node_modules/typescript/node_modules/@typescript/typescript-win32-x64'
125 silly reify ]
126 verbose reify failed optional dependency /usr/local/lib/node_modules/typescript/node_modules/@typescript/typescript-win32-arm64
127 silly reify mark deleted [
127 silly reify   '/usr/local/lib/node_modules/typescript/node_modules/@typescript/typescript-win32-arm64'
127 silly reify ]
128 verbose reify failed optional dependency /usr/local/lib/node_modules/typescript/node_modules/@typescript/typescript-sunos-x64
129 silly reify mark deleted [
129 silly reify   '/usr/local/lib/node_modules/typescript/node_modules/@typescript/typescript-sunos-x64'
129 silly reify ]
130 verbose reify failed optional dependency /usr/local/lib/node_modules/typescript/node_modules/@typescript/typescript-openbsd-x64
131 silly reify mark deleted [
131 silly reify   '/usr/local/lib/node_modules/typescript/node_modules/@typescript/typescript-openbsd-x64'
131 silly reify ]
132 verbose reify failed optional dependency /usr/local/lib/node_modules/typescript/node_modules/@typescript/typescript-openbsd-arm64
133 silly reify mark deleted [
133 silly reify   '/usr/local/lib/node_modules/typescript/node_modules/@typescript/typescript-openbsd-arm64'
133 silly reify ]
134 verbose reify failed optional dependency /usr/local/lib/node_modules/typescript/node_modules/@typescript/typescript-netbsd-x64
135 silly reify mark deleted [
135 silly reify   '/usr/local/lib/node_modules/typescript/node_modules/@typescript/typescript-netbsd-x64'
135 silly reify ]
136 verbose reify failed optional dependency /usr/local/lib/node_modules/typescript/node_modules/@typescript/typescript-netbsd-arm64
137 silly reify mark deleted [
137 silly reify   '/usr/local/lib/node_modules/typescript/node_modules/@typescript/typescript-netbsd-arm64'
137 silly reify ]
138 verbose reify failed optional dependency /usr/local/lib/node_modules/typescript/node_modules/@typescript/typescript-linux-x64
139 silly reify mark deleted [
139 silly reify   '/usr/local/lib/node_modules/typescript/node_modules/@typescript/typescript-linux-x64'
139 silly reify ]
140 verbose reify failed optional dependency /usr/local/lib/node_modules/typescript/node_modules/@typescript/typescript-linux-s390x
141 silly reify mark deleted [
141 silly reify   '/usr/local/lib/node_modules/typescript/node_modules/@typescript/typescript-linux-s390x'
141 silly reify ]
142 verbose reify failed optional dependency /usr/local/lib/node_modules/typescript/node_modules/@typescript/typescript-linux-riscv64
143 silly reify mark deleted [
143 silly reify   '/usr/local/lib/node_modules/typescript/node_modules/@typescript/typescript-linux-riscv64'
143 silly reify ]
144 verbose reify failed optional dependency /usr/local/lib/node_modules/typescript/node_modules/@typescript/typescript-linux-ppc64
145 silly reify mark deleted [
145 silly reify   '/usr/local/lib/node_modules/typescript/node_modules/@typescript/typescript-linux-ppc64'
145 silly reify ]
146 verbose reify failed optional dependency /usr/local/lib/node_modules/typescript/node_modules/@typescript/typescript-linux-mips64el
147 silly reify mark deleted [
147 silly reify   '/usr/local/lib/node_modules/typescript/node_modules/@typescript/typescript-linux-mips64el'
147 silly reify ]
148 verbose reify failed optional dependency /usr/local/lib/node_modules/typescript/node_modules/@typescript/typescript-linux-loong64
149 silly reify mark deleted [
149 silly reify   '/usr/local/lib/node_modules/typescript/node_modules/@typescript/typescript-linux-loong64'
149 silly reify ]
150 verbose reify failed optional dependency /usr/local/lib/node_modules/typescript/node_modules/@typescript/typescript-linux-arm
151 silly reify mark deleted [
151 silly reify   '/usr/local/lib/node_modules/typescript/node_modules/@typescript/typescript-linux-arm'
151 silly reify ]
152 verbose reify failed optional dependency /usr/local/lib/node_modules/typescript/node_modules/@typescript/typescript-freebsd-x64
153 silly reify mark deleted [
153 silly reify   '/usr/local/lib/node_modules/typescript/node_modules/@typescript/typescript-freebsd-x64'
153 silly reify ]
154 verbose reify failed optional dependency /usr/local/lib/node_modules/typescript/node_modules/@typescript/typescript-freebsd-arm64
155 silly reify mark deleted [
155 silly reify   '/usr/local/lib/node_modules/typescript/node_modules/@typescript/typescript-freebsd-arm64'
155 silly reify ]
156 verbose reify failed optional dependency /usr/local/lib/node_modules/typescript/node_modules/@typescript/typescript-darwin-x64
157 silly reify mark deleted [
157 silly reify   '/usr/local/lib/node_modules/typescript/node_modules/@typescript/typescript-darwin-x64'
157 silly reify ]
158 verbose reify failed optional dependency /usr/local/lib/node_modules/typescript/node_modules/@typescript/typescript-darwin-arm64
159 silly reify mark deleted [
159 silly reify   '/usr/local/lib/node_modules/typescript/node_modules/@typescript/typescript-darwin-arm64'
159 silly reify ]
160 verbose reify failed optional dependency /usr/local/lib/node_modules/typescript/node_modules/@typescript/typescript-aix-ppc64
161 silly reify mark deleted [
161 silly reify   '/usr/local/lib/node_modules/typescript/node_modules/@typescript/typescript-aix-ppc64'
161 silly reify ]
162 http cache @typescript/typescript-linux-arm64@https://registry.npmjs.org/@typescript/typescript-linux-arm64/-/typescript-linux-arm64-7.0.2.tgz 0ms (cache hit)
163 http cache typescript-language-server@https://registry.npmjs.org/typescript-language-server/-/typescript-language-server-5.3.0.tgz 0ms (cache hit)
164 silly tarball no local data for @typescript/typescript-linux-arm64@https://registry.npmjs.org/@typescript/typescript-linux-arm64/-/typescript-linux-arm64-7.0.2.tgz. Extracting by manifest.
165 silly tarball no local data for typescript-language-server@https://registry.npmjs.org/typescript-language-server/-/typescript-language-server-5.3.0.tgz. Extracting by manifest.
166 http cache typescript@https://registry.npmjs.org/typescript/-/typescript-7.0.2.tgz 0ms (cache hit)
167 silly tarball no local data for typescript@https://registry.npmjs.org/typescript/-/typescript-7.0.2.tgz. Extracting by manifest.
168 http fetch GET 200 https://registry.npmjs.org/typescript-language-server/-/typescript-language-server-5.3.0.tgz 644ms (cache miss)
169 http fetch GET 200 https://registry.npmjs.org/typescript/-/typescript-7.0.2.tgz 2100ms (cache miss)
170 http fetch GET 200 https://registry.npmjs.org/@typescript/typescript-linux-arm64/-/typescript-linux-arm64-7.0.2.tgz 2520ms (cache miss)
171 silly ADD node_modules/typescript-language-server
172 silly ADD node_modules/typescript
173 silly ADD
174 silly ADD
175 silly ADD
176 silly ADD
177 silly ADD
178 silly ADD
179 silly ADD
180 silly ADD
181 silly ADD
182 silly ADD
183 silly ADD
184 silly ADD
185 silly ADD
186 silly ADD node_modules/typescript/node_modules/@typescript/typescript-linux-arm64
187 silly ADD
188 silly ADD
189 silly ADD
190 silly ADD
191 silly ADD
192 silly ADD
193 verbose cwd /
194 verbose os Linux 5.15.178-android13-8-00007-g362d545d31a5-ab14608873
195 verbose node v22.23.2
196 verbose npm  v10.9.1
197 verbose exit 0
198 info ok
