0 verbose cli /usr/bin/node /usr/bin/npm
1 info using npm@10.9.1
2 info using node@v22.23.2
3 silly config load:file:/usr/lib/node_modules/npm/npmrc
4 silly config load:file:/public/.npmrc
5 silly config load:file:/etc/npmrc
6 verbose title npm i nextjs-toploader
7 verbose argv "i" "nextjs-toploader"
8 verbose logfile logs-max:10 dir:/public/.npm/_logs/2026-08-13T03_51_04_950Z-
9 verbose logfile /public/.npm/_logs/2026-08-13T03_51_04_950Z-debug-0.log
10 silly logfile done cleaning log files
11 silly packumentCache heap:2019033088 maxSize:504758272 maxEntrySize:252379136
12 silly idealTree buildDeps
13 silly fetch manifest nextjs-toploader@*
14 silly packumentCache full:https://registry.npmjs.org/nextjs-toploader cache-miss
15 http fetch GET 200 https://registry.npmjs.org/nextjs-toploader 952ms (cache miss)
16 silly packumentCache full:https://registry.npmjs.org/nextjs-toploader set size:undefined disposed:false
17 silly fetch manifest next@>= 6.0.0
18 silly packumentCache full:https://registry.npmjs.org/next cache-miss
19 http fetch GET 200 https://registry.npmjs.org/next 1464ms (cache miss)
20 silly packumentCache full:https://registry.npmjs.org/next set size:undefined disposed:false
21 silly fetch manifest @opentelemetry/api@^1.1.0
22 silly packumentCache full:https://registry.npmjs.org/@opentelemetry%2fapi cache-miss
23 http fetch GET 200 https://registry.npmjs.org/@opentelemetry%2fapi 182ms (cache miss)
24 silly packumentCache full:https://registry.npmjs.org/@opentelemetry%2fapi set size:undefined disposed:false
25 silly fetch manifest @playwright/test@^1.51.1
26 silly packumentCache full:https://registry.npmjs.org/@playwright%2ftest cache-miss
27 http fetch GET 200 https://registry.npmjs.org/@playwright%2ftest 603ms (cache miss)
28 silly packumentCache full:https://registry.npmjs.org/@playwright%2ftest set size:undefined disposed:false
29 silly fetch manifest babel-plugin-react-compiler@*
30 silly packumentCache full:https://registry.npmjs.org/babel-plugin-react-compiler cache-miss
31 http fetch GET 200 https://registry.npmjs.org/babel-plugin-react-compiler 223ms (cache miss)
32 silly packumentCache full:https://registry.npmjs.org/babel-plugin-react-compiler set size:undefined disposed:false
33 silly fetch manifest react@^18.2.0 || 19.0.0-rc-de68d2f4-20241204 || ^19.0.0
34 silly packumentCache full:https://registry.npmjs.org/react cache-miss
35 http fetch GET 200 https://registry.npmjs.org/react 482ms (cache miss)
36 silly packumentCache full:https://registry.npmjs.org/react set size:undefined disposed:false
37 silly fetch manifest react-dom@^18.2.0 || 19.0.0-rc-de68d2f4-20241204 || ^19.0.0
38 silly packumentCache full:https://registry.npmjs.org/react-dom cache-miss
39 http fetch GET 200 https://registry.npmjs.org/react-dom 588ms (cache miss)
40 silly packumentCache full:https://registry.npmjs.org/react-dom set size:undefined disposed:false
41 silly fetch manifest sass@^1.3.0
42 silly packumentCache full:https://registry.npmjs.org/sass cache-miss
43 http fetch GET 200 https://registry.npmjs.org/sass 524ms (cache miss)
44 silly packumentCache full:https://registry.npmjs.org/sass set size:undefined disposed:false
45 silly placeDep ROOT nextjs-toploader@3.9.17 OK for:  want: *
46 silly placeDep ROOT next@16.3.0 OK for: nextjs-toploader@3.9.17 want: >= 6.0.0
47 silly placeDep ROOT react@19.2.8 OK for: next@16.3.0 want: ^18.2.0 || 19.0.0-rc-de68d2f4-20241204 || ^19.0.0
48 silly placeDep ROOT react-dom@19.2.8 OK for: next@16.3.0 want: ^18.2.0 || 19.0.0-rc-de68d2f4-20241204 || ^19.0.0
49 silly fetch manifest nprogress@^0.2.0
50 silly packumentCache full:https://registry.npmjs.org/nprogress cache-miss
51 silly fetch manifest prop-types@^15.8.1
52 silly packumentCache full:https://registry.npmjs.org/prop-types cache-miss
53 silly fetch manifest postcss@8.5.23
54 silly packumentCache full:https://registry.npmjs.org/postcss cache-miss
55 silly fetch manifest @next/env@16.3.0
56 silly packumentCache full:https://registry.npmjs.org/@next%2fenv cache-miss
57 silly fetch manifest styled-jsx@5.1.6
58 silly packumentCache full:https://registry.npmjs.org/styled-jsx cache-miss
59 silly fetch manifest @swc/helpers@0.5.15
60 silly packumentCache full:https://registry.npmjs.org/@swc%2fhelpers cache-miss
61 silly fetch manifest caniuse-lite@^1.0.30001579
62 silly packumentCache full:https://registry.npmjs.org/caniuse-lite cache-miss
63 http fetch GET 200 https://registry.npmjs.org/nprogress 153ms (cache miss)
64 silly packumentCache full:https://registry.npmjs.org/nprogress set size:undefined disposed:false
65 silly fetch manifest baseline-browser-mapping@^2.9.19
66 silly packumentCache full:https://registry.npmjs.org/baseline-browser-mapping cache-miss
67 http fetch GET 200 https://registry.npmjs.org/baseline-browser-mapping 178ms (cache miss)
68 silly packumentCache full:https://registry.npmjs.org/baseline-browser-mapping set size:undefined disposed:false
69 silly fetch manifest sharp@^0.35.3
70 silly packumentCache full:https://registry.npmjs.org/sharp cache-miss
71 http fetch GET 200 https://registry.npmjs.org/prop-types 402ms (cache miss)
72 silly packumentCache full:https://registry.npmjs.org/prop-types set size:undefined disposed:false
73 silly fetch manifest @next/swc-darwin-x64@16.3.0
74 silly packumentCache full:https://registry.npmjs.org/@next%2fswc-darwin-x64 cache-miss
75 http fetch GET 200 https://registry.npmjs.org/postcss 544ms (cache miss)
76 silly packumentCache full:https://registry.npmjs.org/postcss set size:undefined disposed:false
77 silly fetch manifest @next/swc-darwin-arm64@16.3.0
78 silly packumentCache full:https://registry.npmjs.org/@next%2fswc-darwin-arm64 cache-miss
79 http fetch GET 200 https://registry.npmjs.org/styled-jsx 588ms (cache miss)
80 silly packumentCache full:https://registry.npmjs.org/styled-jsx set size:undefined disposed:false
81 silly fetch manifest @next/swc-linux-x64-gnu@16.3.0
82 silly packumentCache full:https://registry.npmjs.org/@next%2fswc-linux-x64-gnu cache-miss
83 http fetch GET 200 https://registry.npmjs.org/sharp 390ms (cache miss)
84 silly packumentCache full:https://registry.npmjs.org/sharp set size:undefined disposed:false
85 silly fetch manifest @next/swc-linux-x64-musl@16.3.0
86 silly packumentCache full:https://registry.npmjs.org/@next%2fswc-linux-x64-musl cache-miss
87 http fetch GET 200 https://registry.npmjs.org/@swc%2fhelpers 976ms (cache miss)
88 silly packumentCache full:https://registry.npmjs.org/@swc%2fhelpers set size:undefined disposed:false
89 silly fetch manifest @next/swc-win32-x64-msvc@16.3.0
90 silly packumentCache full:https://registry.npmjs.org/@next%2fswc-win32-x64-msvc cache-miss
91 http fetch GET 200 https://registry.npmjs.org/@next%2fswc-darwin-x64 1145ms (cache miss)
92 silly packumentCache full:https://registry.npmjs.org/@next%2fswc-darwin-x64 set size:undefined disposed:false
93 silly fetch manifest @next/swc-linux-arm64-gnu@16.3.0
94 silly packumentCache full:https://registry.npmjs.org/@next%2fswc-linux-arm64-gnu cache-miss
95 http fetch GET 200 https://registry.npmjs.org/caniuse-lite 1705ms (cache miss)
96 silly packumentCache full:https://registry.npmjs.org/caniuse-lite set size:undefined disposed:false
97 silly fetch manifest @next/swc-linux-arm64-musl@16.3.0
98 silly packumentCache full:https://registry.npmjs.org/@next%2fswc-linux-arm64-musl cache-miss
99 http fetch GET 200 https://registry.npmjs.org/@next%2fenv 1806ms (cache miss)
100 silly packumentCache full:https://registry.npmjs.org/@next%2fenv set size:undefined disposed:false
101 silly fetch manifest @next/swc-win32-arm64-msvc@16.3.0
102 silly packumentCache full:https://registry.npmjs.org/@next%2fswc-win32-arm64-msvc cache-miss
103 http fetch GET 200 https://registry.npmjs.org/@next%2fswc-linux-x64-gnu 1334ms (cache miss)
104 silly packumentCache full:https://registry.npmjs.org/@next%2fswc-linux-x64-gnu set size:undefined disposed:false
105 silly fetch manifest scheduler@^0.27.0
106 silly packumentCache full:https://registry.npmjs.org/scheduler cache-miss
107 http fetch GET 200 https://registry.npmjs.org/@next%2fswc-darwin-arm64 1648ms (cache miss)
108 silly packumentCache full:https://registry.npmjs.org/@next%2fswc-darwin-arm64 set size:undefined disposed:false
109 http fetch GET 200 https://registry.npmjs.org/@next%2fswc-linux-x64-musl 1680ms (cache miss)
110 silly packumentCache full:https://registry.npmjs.org/@next%2fswc-linux-x64-musl set size:undefined disposed:false
111 http fetch GET 200 https://registry.npmjs.org/@next%2fswc-win32-x64-msvc 1627ms (cache miss)
112 silly packumentCache full:https://registry.npmjs.org/@next%2fswc-win32-x64-msvc set size:undefined disposed:false
113 http fetch GET 200 https://registry.npmjs.org/@next%2fswc-linux-arm64-gnu 1275ms (cache miss)
114 silly packumentCache full:https://registry.npmjs.org/@next%2fswc-linux-arm64-gnu set size:undefined disposed:false
115 http fetch GET 200 https://registry.npmjs.org/@next%2fswc-linux-arm64-musl 1278ms (cache miss)
116 silly packumentCache full:https://registry.npmjs.org/@next%2fswc-linux-arm64-musl set size:undefined disposed:false
117 http fetch GET 200 https://registry.npmjs.org/@next%2fswc-win32-arm64-msvc 1237ms (cache miss)
118 silly packumentCache full:https://registry.npmjs.org/@next%2fswc-win32-arm64-msvc set size:undefined disposed:false
119 http fetch GET 200 https://registry.npmjs.org/scheduler 1174ms (cache miss)
120 silly packumentCache full:https://registry.npmjs.org/scheduler set size:undefined disposed:false
121 silly placeDep ROOT @next/env@16.3.0 OK for: next@16.3.0 want: 16.3.0
122 silly placeDep ROOT @next/swc-darwin-arm64@16.3.0 OK for: next@16.3.0 want: 16.3.0
123 silly placeDep ROOT @next/swc-darwin-x64@16.3.0 OK for: next@16.3.0 want: 16.3.0
124 silly placeDep ROOT @next/swc-linux-arm64-gnu@16.3.0 OK for: next@16.3.0 want: 16.3.0
125 silly placeDep ROOT @next/swc-linux-arm64-musl@16.3.0 OK for: next@16.3.0 want: 16.3.0
126 silly placeDep ROOT @next/swc-linux-x64-gnu@16.3.0 OK for: next@16.3.0 want: 16.3.0
127 silly placeDep ROOT @next/swc-linux-x64-musl@16.3.0 OK for: next@16.3.0 want: 16.3.0
128 silly placeDep ROOT @next/swc-win32-arm64-msvc@16.3.0 OK for: next@16.3.0 want: 16.3.0
129 silly placeDep ROOT @next/swc-win32-x64-msvc@16.3.0 OK for: next@16.3.0 want: 16.3.0
130 silly placeDep ROOT @swc/helpers@0.5.15 OK for: next@16.3.0 want: 0.5.15
131 silly placeDep ROOT baseline-browser-mapping@2.11.13 OK for: next@16.3.0 want: ^2.9.19
132 silly placeDep ROOT caniuse-lite@1.0.30001809 OK for: next@16.3.0 want: ^1.0.30001579
133 silly placeDep ROOT postcss@8.5.23 OK for: next@16.3.0 want: 8.5.23
134 silly placeDep ROOT sharp@0.35.3 OK for: next@16.3.0 want: ^0.35.3
135 silly placeDep ROOT styled-jsx@5.1.6 OK for: next@16.3.0 want: 5.1.6
136 silly fetch manifest tslib@^2.8.0
137 silly packumentCache full:https://registry.npmjs.org/tslib cache-miss
138 silly fetch manifest nanoid@^3.3.16
139 silly packumentCache full:https://registry.npmjs.org/nanoid cache-miss
140 silly fetch manifest picocolors@^1.1.1
141 silly packumentCache full:https://registry.npmjs.org/picocolors cache-miss
142 silly fetch manifest source-map-js@^1.2.1
143 silly packumentCache full:https://registry.npmjs.org/source-map-js cache-miss
144 silly fetch manifest @img/colour@^1.1.0
145 silly packumentCache full:https://registry.npmjs.org/@img%2fcolour cache-miss
146 silly fetch manifest detect-libc@^2.1.2
147 silly packumentCache full:https://registry.npmjs.org/detect-libc cache-miss
148 silly fetch manifest semver@^7.8.5
149 silly packumentCache full:https://registry.npmjs.org/semver cache-miss
150 http fetch GET 200 https://registry.npmjs.org/@img%2fcolour 158ms (cache miss)
151 silly packumentCache full:https://registry.npmjs.org/@img%2fcolour set size:undefined disposed:false
152 silly fetch manifest @img/sharp-darwin-arm64@0.35.3
153 silly packumentCache full:https://registry.npmjs.org/@img%2fsharp-darwin-arm64 cache-miss
154 http fetch GET 200 https://registry.npmjs.org/detect-libc 166ms (cache miss)
155 silly packumentCache full:https://registry.npmjs.org/detect-libc set size:undefined disposed:false
156 silly fetch manifest @img/sharp-darwin-x64@0.35.3
157 silly packumentCache full:https://registry.npmjs.org/@img%2fsharp-darwin-x64 cache-miss
158 http fetch GET 200 https://registry.npmjs.org/source-map-js 176ms (cache miss)
159 silly packumentCache full:https://registry.npmjs.org/source-map-js set size:undefined disposed:false
160 silly fetch manifest @img/sharp-freebsd-wasm32@0.35.3
161 silly packumentCache full:https://registry.npmjs.org/@img%2fsharp-freebsd-wasm32 cache-miss
162 http fetch GET 200 https://registry.npmjs.org/nanoid 200ms (cache miss)
163 silly packumentCache full:https://registry.npmjs.org/nanoid set size:undefined disposed:false
164 silly fetch manifest @img/sharp-libvips-darwin-arm64@1.3.2
165 silly packumentCache full:https://registry.npmjs.org/@img%2fsharp-libvips-darwin-arm64 cache-miss
166 http fetch GET 200 https://registry.npmjs.org/semver 216ms (cache revalidated)
167 silly packumentCache full:https://registry.npmjs.org/semver set size:246069 disposed:false
168 silly fetch manifest @img/sharp-libvips-darwin-x64@1.3.2
169 silly packumentCache full:https://registry.npmjs.org/@img%2fsharp-libvips-darwin-x64 cache-miss
170 http fetch GET 200 https://registry.npmjs.org/tslib 237ms (cache miss)
171 silly packumentCache full:https://registry.npmjs.org/tslib set size:undefined disposed:false
172 silly fetch manifest @img/sharp-libvips-linux-arm@1.3.2
173 silly packumentCache full:https://registry.npmjs.org/@img%2fsharp-libvips-linux-arm cache-miss
174 http fetch GET 200 https://registry.npmjs.org/@img%2fsharp-darwin-arm64 155ms (cache miss)
175 silly packumentCache full:https://registry.npmjs.org/@img%2fsharp-darwin-arm64 set size:undefined disposed:false
176 silly fetch manifest @img/sharp-libvips-linux-arm64@1.3.2
177 silly packumentCache full:https://registry.npmjs.org/@img%2fsharp-libvips-linux-arm64 cache-miss
178 http fetch GET 200 https://registry.npmjs.org/@img%2fsharp-freebsd-wasm32 151ms (cache miss)
179 silly packumentCache full:https://registry.npmjs.org/@img%2fsharp-freebsd-wasm32 set size:undefined disposed:false
180 silly fetch manifest @img/sharp-libvips-linux-ppc64@1.3.2
181 silly packumentCache full:https://registry.npmjs.org/@img%2fsharp-libvips-linux-ppc64 cache-miss
182 http fetch GET 200 https://registry.npmjs.org/@img%2fsharp-darwin-x64 190ms (cache miss)
183 silly packumentCache full:https://registry.npmjs.org/@img%2fsharp-darwin-x64 set size:undefined disposed:false
184 silly fetch manifest @img/sharp-libvips-linux-riscv64@1.3.2
185 silly packumentCache full:https://registry.npmjs.org/@img%2fsharp-libvips-linux-riscv64 cache-miss
186 http fetch GET 200 https://registry.npmjs.org/@img%2fsharp-libvips-darwin-x64 156ms (cache miss)
187 silly packumentCache full:https://registry.npmjs.org/@img%2fsharp-libvips-darwin-x64 set size:undefined disposed:false
188 silly fetch manifest @img/sharp-libvips-linux-s390x@1.3.2
189 silly packumentCache full:https://registry.npmjs.org/@img%2fsharp-libvips-linux-s390x cache-miss
190 http fetch GET 200 https://registry.npmjs.org/@img%2fsharp-libvips-linux-arm 148ms (cache miss)
191 silly packumentCache full:https://registry.npmjs.org/@img%2fsharp-libvips-linux-arm set size:undefined disposed:false
192 silly fetch manifest @img/sharp-libvips-linux-x64@1.3.2
193 silly packumentCache full:https://registry.npmjs.org/@img%2fsharp-libvips-linux-x64 cache-miss
194 http fetch GET 200 https://registry.npmjs.org/@img%2fsharp-libvips-darwin-arm64 186ms (cache miss)
195 silly packumentCache full:https://registry.npmjs.org/@img%2fsharp-libvips-darwin-arm64 set size:undefined disposed:false
196 silly fetch manifest @img/sharp-libvips-linuxmusl-arm64@1.3.2
197 silly packumentCache full:https://registry.npmjs.org/@img%2fsharp-libvips-linuxmusl-arm64 cache-miss
198 http fetch GET 200 https://registry.npmjs.org/@img%2fsharp-libvips-linux-arm64 113ms (cache miss)
199 silly packumentCache full:https://registry.npmjs.org/@img%2fsharp-libvips-linux-arm64 set size:undefined disposed:false
200 silly fetch manifest @img/sharp-libvips-linuxmusl-x64@1.3.2
201 silly packumentCache full:https://registry.npmjs.org/@img%2fsharp-libvips-linuxmusl-x64 cache-miss
202 http fetch GET 200 https://registry.npmjs.org/@img%2fsharp-libvips-linux-ppc64 164ms (cache miss)
203 silly packumentCache full:https://registry.npmjs.org/@img%2fsharp-libvips-linux-ppc64 set size:undefined disposed:false
204 silly fetch manifest @img/sharp-linux-arm@0.35.3
205 silly packumentCache full:https://registry.npmjs.org/@img%2fsharp-linux-arm cache-miss
206 http fetch GET 200 https://registry.npmjs.org/@img%2fsharp-libvips-linux-riscv64 189ms (cache miss)
207 silly packumentCache full:https://registry.npmjs.org/@img%2fsharp-libvips-linux-riscv64 set size:undefined disposed:false
208 silly fetch manifest @img/sharp-linux-arm64@0.35.3
209 silly packumentCache full:https://registry.npmjs.org/@img%2fsharp-linux-arm64 cache-miss
210 http fetch GET 200 https://registry.npmjs.org/@img%2fsharp-libvips-linux-x64 168ms (cache miss)
211 silly packumentCache full:https://registry.npmjs.org/@img%2fsharp-libvips-linux-x64 set size:undefined disposed:false
212 silly fetch manifest @img/sharp-linux-ppc64@0.35.3
213 silly packumentCache full:https://registry.npmjs.org/@img%2fsharp-linux-ppc64 cache-miss
214 http fetch GET 200 https://registry.npmjs.org/@img%2fsharp-libvips-linuxmusl-arm64 178ms (cache miss)
215 silly packumentCache full:https://registry.npmjs.org/@img%2fsharp-libvips-linuxmusl-arm64 set size:undefined disposed:false
216 silly fetch manifest @img/sharp-linux-riscv64@0.35.3
217 silly packumentCache full:https://registry.npmjs.org/@img%2fsharp-linux-riscv64 cache-miss
218 http fetch GET 200 https://registry.npmjs.org/@img%2fsharp-libvips-linux-s390x 197ms (cache miss)
219 silly packumentCache full:https://registry.npmjs.org/@img%2fsharp-libvips-linux-s390x set size:undefined disposed:false
220 silly fetch manifest @img/sharp-linux-s390x@0.35.3
221 silly packumentCache full:https://registry.npmjs.org/@img%2fsharp-linux-s390x cache-miss
222 http fetch GET 200 https://registry.npmjs.org/picocolors 597ms (cache miss)
223 silly packumentCache full:https://registry.npmjs.org/picocolors set size:undefined disposed:false
224 silly fetch manifest @img/sharp-linux-x64@0.35.3
225 silly packumentCache full:https://registry.npmjs.org/@img%2fsharp-linux-x64 cache-miss
226 http fetch GET 200 https://registry.npmjs.org/@img%2fsharp-libvips-linuxmusl-x64 172ms (cache miss)
227 silly packumentCache full:https://registry.npmjs.org/@img%2fsharp-libvips-linuxmusl-x64 set size:undefined disposed:false
228 silly fetch manifest @img/sharp-linuxmusl-arm64@0.35.3
229 silly packumentCache full:https://registry.npmjs.org/@img%2fsharp-linuxmusl-arm64 cache-miss
230 http fetch GET 200 https://registry.npmjs.org/@img%2fsharp-linux-arm 140ms (cache miss)
231 silly packumentCache full:https://registry.npmjs.org/@img%2fsharp-linux-arm set size:undefined disposed:false
232 silly fetch manifest @img/sharp-linuxmusl-x64@0.35.3
233 silly packumentCache full:https://registry.npmjs.org/@img%2fsharp-linuxmusl-x64 cache-miss
234 http fetch GET 200 https://registry.npmjs.org/@img%2fsharp-linux-arm64 141ms (cache miss)
235 silly packumentCache full:https://registry.npmjs.org/@img%2fsharp-linux-arm64 set size:undefined disposed:false
236 silly fetch manifest @img/sharp-webcontainers-wasm32@0.35.3
237 silly packumentCache full:https://registry.npmjs.org/@img%2fsharp-webcontainers-wasm32 cache-miss
238 http fetch GET 200 https://registry.npmjs.org/@img%2fsharp-linux-ppc64 143ms (cache miss)
239 silly packumentCache full:https://registry.npmjs.org/@img%2fsharp-linux-ppc64 set size:undefined disposed:false
240 silly fetch manifest @img/sharp-win32-arm64@0.35.3
241 silly packumentCache full:https://registry.npmjs.org/@img%2fsharp-win32-arm64 cache-miss
242 http fetch GET 200 https://registry.npmjs.org/@img%2fsharp-linux-riscv64 176ms (cache miss)
243 silly packumentCache full:https://registry.npmjs.org/@img%2fsharp-linux-riscv64 set size:undefined disposed:false
244 silly fetch manifest @img/sharp-win32-ia32@0.35.3
245 silly packumentCache full:https://registry.npmjs.org/@img%2fsharp-win32-ia32 cache-miss
246 http fetch GET 200 https://registry.npmjs.org/@img%2fsharp-linuxmusl-arm64 152ms (cache miss)
247 silly packumentCache full:https://registry.npmjs.org/@img%2fsharp-linuxmusl-arm64 set size:undefined disposed:false
248 silly fetch manifest @img/sharp-win32-x64@0.35.3
249 silly packumentCache full:https://registry.npmjs.org/@img%2fsharp-win32-x64 cache-miss
250 http fetch GET 200 https://registry.npmjs.org/@img%2fsharp-linux-x64 181ms (cache miss)
251 silly packumentCache full:https://registry.npmjs.org/@img%2fsharp-linux-x64 set size:undefined disposed:false
252 silly fetch manifest client-only@0.0.1
253 silly packumentCache full:https://registry.npmjs.org/client-only cache-miss
254 http fetch GET 200 https://registry.npmjs.org/@img%2fsharp-linux-s390x 205ms (cache miss)
255 silly packumentCache full:https://registry.npmjs.org/@img%2fsharp-linux-s390x set size:undefined disposed:false
256 http fetch GET 200 https://registry.npmjs.org/@img%2fsharp-linuxmusl-x64 157ms (cache miss)
257 silly packumentCache full:https://registry.npmjs.org/@img%2fsharp-linuxmusl-x64 set size:undefined disposed:false
258 http fetch GET 200 https://registry.npmjs.org/@img%2fsharp-webcontainers-wasm32 139ms (cache miss)
259 silly packumentCache full:https://registry.npmjs.org/@img%2fsharp-webcontainers-wasm32 set size:undefined disposed:false
260 http fetch GET 200 https://registry.npmjs.org/@img%2fsharp-win32-arm64 134ms (cache miss)
261 silly packumentCache full:https://registry.npmjs.org/@img%2fsharp-win32-arm64 set size:undefined disposed:false
262 http fetch GET 200 https://registry.npmjs.org/@img%2fsharp-win32-x64 161ms (cache miss)
263 silly packumentCache full:https://registry.npmjs.org/@img%2fsharp-win32-x64 set size:undefined disposed:false
264 http fetch GET 200 https://registry.npmjs.org/client-only 155ms (cache miss)
265 silly packumentCache full:https://registry.npmjs.org/client-only set size:undefined disposed:false
266 http fetch GET 200 https://registry.npmjs.org/@img%2fsharp-win32-ia32 180ms (cache miss)
267 silly packumentCache full:https://registry.npmjs.org/@img%2fsharp-win32-ia32 set size:undefined disposed:false
268 silly placeDep ROOT tslib@2.8.1 OK for: @swc/helpers@0.5.15 want: ^2.8.0
269 silly placeDep ROOT nprogress@0.2.0 OK for: nextjs-toploader@3.9.17 want: ^0.2.0
270 silly placeDep ROOT prop-types@15.8.1 OK for: nextjs-toploader@3.9.17 want: ^15.8.1
271 silly fetch manifest loose-envify@^1.4.0
272 silly packumentCache full:https://registry.npmjs.org/loose-envify cache-miss
273 silly fetch manifest object-assign@^4.1.1
274 silly packumentCache full:https://registry.npmjs.org/object-assign cache-miss
275 silly fetch manifest react-is@^16.13.1
276 silly packumentCache full:https://registry.npmjs.org/react-is cache-miss
277 http fetch GET 200 https://registry.npmjs.org/object-assign 124ms (cache miss)
278 silly packumentCache full:https://registry.npmjs.org/object-assign set size:undefined disposed:false
279 http fetch GET 200 https://registry.npmjs.org/loose-envify 133ms (cache miss)
280 silly packumentCache full:https://registry.npmjs.org/loose-envify set size:undefined disposed:false
281 http fetch GET 200 https://registry.npmjs.org/react-is 480ms (cache miss)
282 silly packumentCache full:https://registry.npmjs.org/react-is set size:undefined disposed:false
283 silly placeDep ROOT nanoid@3.3.18 OK for: postcss@8.5.23 want: ^3.3.16
284 silly placeDep ROOT picocolors@1.1.1 OK for: postcss@8.5.23 want: ^1.1.1
285 silly placeDep ROOT source-map-js@1.2.1 OK for: postcss@8.5.23 want: ^1.2.1
286 silly placeDep ROOT loose-envify@1.4.0 OK for: prop-types@15.8.1 want: ^1.4.0
287 silly placeDep ROOT object-assign@4.1.1 OK for: prop-types@15.8.1 want: ^4.1.1
288 silly placeDep ROOT react-is@16.13.1 OK for: prop-types@15.8.1 want: ^16.13.1
289 silly fetch manifest js-tokens@^3.0.0 || ^4.0.0
290 silly packumentCache full:https://registry.npmjs.org/js-tokens cache-miss
291 http fetch GET 200 https://registry.npmjs.org/js-tokens 119ms (cache miss)
292 silly packumentCache full:https://registry.npmjs.org/js-tokens set size:undefined disposed:false
293 silly placeDep ROOT js-tokens@4.0.0 OK for: loose-envify@1.4.0 want: ^3.0.0 || ^4.0.0
294 silly placeDep ROOT scheduler@0.27.0 OK for: react-dom@19.2.8 want: ^0.27.0
295 silly placeDep ROOT @img/colour@1.1.0 OK for: sharp@0.35.3 want: ^1.1.0
296 silly placeDep ROOT @img/sharp-darwin-arm64@0.35.3 OK for: sharp@0.35.3 want: 0.35.3
297 silly placeDep ROOT @img/sharp-darwin-x64@0.35.3 OK for: sharp@0.35.3 want: 0.35.3
298 silly placeDep ROOT @img/sharp-freebsd-wasm32@0.35.3 OK for: sharp@0.35.3 want: 0.35.3
299 silly placeDep ROOT @img/sharp-libvips-darwin-arm64@1.3.2 OK for: sharp@0.35.3 want: 1.3.2
300 silly placeDep ROOT @img/sharp-libvips-darwin-x64@1.3.2 OK for: sharp@0.35.3 want: 1.3.2
301 silly placeDep ROOT @img/sharp-libvips-linux-arm@1.3.2 OK for: sharp@0.35.3 want: 1.3.2
302 silly placeDep ROOT @img/sharp-libvips-linux-arm64@1.3.2 OK for: sharp@0.35.3 want: 1.3.2
303 silly placeDep ROOT @img/sharp-libvips-linux-ppc64@1.3.2 OK for: sharp@0.35.3 want: 1.3.2
304 silly placeDep ROOT @img/sharp-libvips-linux-riscv64@1.3.2 OK for: sharp@0.35.3 want: 1.3.2
305 silly placeDep ROOT @img/sharp-libvips-linux-s390x@1.3.2 OK for: sharp@0.35.3 want: 1.3.2
306 silly placeDep ROOT @img/sharp-libvips-linux-x64@1.3.2 OK for: sharp@0.35.3 want: 1.3.2
307 silly placeDep ROOT @img/sharp-libvips-linuxmusl-arm64@1.3.2 OK for: sharp@0.35.3 want: 1.3.2
308 silly placeDep ROOT @img/sharp-libvips-linuxmusl-x64@1.3.2 OK for: sharp@0.35.3 want: 1.3.2
309 silly placeDep ROOT @img/sharp-linux-arm@0.35.3 OK for: sharp@0.35.3 want: 0.35.3
310 silly placeDep ROOT @img/sharp-linux-arm64@0.35.3 OK for: sharp@0.35.3 want: 0.35.3
311 silly placeDep ROOT @img/sharp-linux-ppc64@0.35.3 OK for: sharp@0.35.3 want: 0.35.3
312 silly placeDep ROOT @img/sharp-linux-riscv64@0.35.3 OK for: sharp@0.35.3 want: 0.35.3
313 silly placeDep ROOT @img/sharp-linux-s390x@0.35.3 OK for: sharp@0.35.3 want: 0.35.3
314 silly placeDep ROOT @img/sharp-linux-x64@0.35.3 OK for: sharp@0.35.3 want: 0.35.3
315 silly placeDep ROOT @img/sharp-linuxmusl-arm64@0.35.3 OK for: sharp@0.35.3 want: 0.35.3
316 silly placeDep ROOT @img/sharp-linuxmusl-x64@0.35.3 OK for: sharp@0.35.3 want: 0.35.3
317 silly placeDep ROOT @img/sharp-webcontainers-wasm32@0.35.3 OK for: sharp@0.35.3 want: 0.35.3
318 silly placeDep ROOT @img/sharp-win32-arm64@0.35.3 OK for: sharp@0.35.3 want: 0.35.3
319 silly placeDep ROOT @img/sharp-win32-ia32@0.35.3 OK for: sharp@0.35.3 want: 0.35.3
320 silly placeDep ROOT @img/sharp-win32-x64@0.35.3 OK for: sharp@0.35.3 want: 0.35.3
321 silly placeDep ROOT detect-libc@2.1.2 OK for: sharp@0.35.3 want: ^2.1.2
322 silly placeDep ROOT semver@7.8.5 OK for: sharp@0.35.3 want: ^7.8.5
323 silly fetch manifest @img/sharp-wasm32@0.35.3
324 silly packumentCache full:https://registry.npmjs.org/@img%2fsharp-wasm32 cache-miss
325 silly fetch manifest @img/sharp-wasm32@0.35.3
326 silly packumentCache full:https://registry.npmjs.org/@img%2fsharp-wasm32 cache-miss
327 http fetch GET 200 https://registry.npmjs.org/@img%2fsharp-wasm32 238ms (cache miss)
328 silly packumentCache full:https://registry.npmjs.org/@img%2fsharp-wasm32 set size:undefined disposed:false
329 http fetch GET 200 https://registry.npmjs.org/@img%2fsharp-wasm32 455ms (cache miss)
330 silly packumentCache full:https://registry.npmjs.org/@img%2fsharp-wasm32 set size:undefined disposed:false
331 silly placeDep ROOT @img/sharp-wasm32@0.35.3 OK for: @img/sharp-freebsd-wasm32@0.35.3 want: 0.35.3
332 silly fetch manifest @emnapi/runtime@^1.11.1
333 silly packumentCache full:https://registry.npmjs.org/@emnapi%2fruntime cache-miss
334 http fetch GET 200 https://registry.npmjs.org/@emnapi%2fruntime 200ms (cache miss)
335 silly packumentCache full:https://registry.npmjs.org/@emnapi%2fruntime set size:undefined disposed:false
336 silly placeDep ROOT @emnapi/runtime@1.11.3 OK for: @img/sharp-wasm32@0.35.3 want: ^1.11.1
337 silly placeDep ROOT client-only@0.0.1 OK for: styled-jsx@5.1.6 want: 0.0.1
338 silly reify moves {}
339 verbose reify failed optional dependency /public/node_modules/@img/sharp-win32-x64
340 silly reify mark deleted [ '/public/node_modules/@img/sharp-win32-x64' ]
341 verbose reify failed optional dependency /public/node_modules/@img/sharp-win32-ia32
342 silly reify mark deleted [ '/public/node_modules/@img/sharp-win32-ia32' ]
343 verbose reify failed optional dependency /public/node_modules/@img/sharp-win32-arm64
344 silly reify mark deleted [ '/public/node_modules/@img/sharp-win32-arm64' ]
345 verbose reify failed optional dependency /public/node_modules/@img/sharp-webcontainers-wasm32
346 silly reify mark deleted [ '/public/node_modules/@img/sharp-webcontainers-wasm32' ]
347 verbose reify failed optional dependency /public/node_modules/@img/sharp-linuxmusl-x64
348 silly reify mark deleted [ '/public/node_modules/@img/sharp-linuxmusl-x64' ]
349 verbose reify failed optional dependency /public/node_modules/@img/sharp-linux-x64
350 silly reify mark deleted [ '/public/node_modules/@img/sharp-linux-x64' ]
351 verbose reify failed optional dependency /public/node_modules/@img/sharp-linux-s390x
352 silly reify mark deleted [ '/public/node_modules/@img/sharp-linux-s390x' ]
353 verbose reify failed optional dependency /public/node_modules/@img/sharp-linux-riscv64
354 silly reify mark deleted [ '/public/node_modules/@img/sharp-linux-riscv64' ]
355 verbose reify failed optional dependency /public/node_modules/@img/sharp-linux-ppc64
356 silly reify mark deleted [ '/public/node_modules/@img/sharp-linux-ppc64' ]
357 verbose reify failed optional dependency /public/node_modules/@img/sharp-linux-arm64
358 silly reify mark deleted [ '/public/node_modules/@img/sharp-linux-arm64' ]
359 verbose reify failed optional dependency /public/node_modules/@img/sharp-linux-arm
360 silly reify mark deleted [ '/public/node_modules/@img/sharp-linux-arm' ]
361 verbose reify failed optional dependency /public/node_modules/@img/sharp-libvips-linuxmusl-x64
362 silly reify mark deleted [ '/public/node_modules/@img/sharp-libvips-linuxmusl-x64' ]
363 verbose reify failed optional dependency /public/node_modules/@img/sharp-libvips-linux-x64
364 silly reify mark deleted [ '/public/node_modules/@img/sharp-libvips-linux-x64' ]
365 verbose reify failed optional dependency /public/node_modules/@img/sharp-libvips-linux-s390x
366 silly reify mark deleted [ '/public/node_modules/@img/sharp-libvips-linux-s390x' ]
367 verbose reify failed optional dependency /public/node_modules/@img/sharp-libvips-linux-riscv64
368 silly reify mark deleted [ '/public/node_modules/@img/sharp-libvips-linux-riscv64' ]
369 verbose reify failed optional dependency /public/node_modules/@img/sharp-libvips-linux-ppc64
370 silly reify mark deleted [ '/public/node_modules/@img/sharp-libvips-linux-ppc64' ]
371 verbose reify failed optional dependency /public/node_modules/@img/sharp-libvips-linux-arm64
372 silly reify mark deleted [ '/public/node_modules/@img/sharp-libvips-linux-arm64' ]
373 verbose reify failed optional dependency /public/node_modules/@img/sharp-libvips-linux-arm
374 silly reify mark deleted [ '/public/node_modules/@img/sharp-libvips-linux-arm' ]
375 verbose reify failed optional dependency /public/node_modules/@img/sharp-libvips-darwin-x64
376 silly reify mark deleted [ '/public/node_modules/@img/sharp-libvips-darwin-x64' ]
377 verbose reify failed optional dependency /public/node_modules/@img/sharp-libvips-darwin-arm64
378 silly reify mark deleted [ '/public/node_modules/@img/sharp-libvips-darwin-arm64' ]
379 verbose reify failed optional dependency /public/node_modules/@img/sharp-freebsd-wasm32
380 silly reify mark deleted [ '/public/node_modules/@img/sharp-freebsd-wasm32' ]
381 verbose reify failed optional dependency /public/node_modules/@img/sharp-darwin-x64
382 silly reify mark deleted [ '/public/node_modules/@img/sharp-darwin-x64' ]
383 verbose reify failed optional dependency /public/node_modules/@img/sharp-darwin-arm64
384 silly reify mark deleted [ '/public/node_modules/@img/sharp-darwin-arm64' ]
385 verbose reify failed optional dependency /public/node_modules/@next/swc-win32-x64-msvc
386 silly reify mark deleted [ '/public/node_modules/@next/swc-win32-x64-msvc' ]
387 verbose reify failed optional dependency /public/node_modules/@next/swc-win32-arm64-msvc
388 silly reify mark deleted [ '/public/node_modules/@next/swc-win32-arm64-msvc' ]
389 verbose reify failed optional dependency /public/node_modules/@next/swc-linux-x64-musl
390 silly reify mark deleted [ '/public/node_modules/@next/swc-linux-x64-musl' ]
391 verbose reify failed optional dependency /public/node_modules/@next/swc-linux-x64-gnu
392 silly reify mark deleted [ '/public/node_modules/@next/swc-linux-x64-gnu' ]
393 verbose reify failed optional dependency /public/node_modules/@next/swc-linux-arm64-gnu
394 silly reify mark deleted [ '/public/node_modules/@next/swc-linux-arm64-gnu' ]
395 verbose reify failed optional dependency /public/node_modules/@next/swc-darwin-x64
396 silly reify mark deleted [ '/public/node_modules/@next/swc-darwin-x64' ]
397 verbose reify failed optional dependency /public/node_modules/@next/swc-darwin-arm64
398 silly reify mark deleted [ '/public/node_modules/@next/swc-darwin-arm64' ]
399 http cache @emnapi/runtime@https://registry.npmjs.org/@emnapi/runtime/-/runtime-1.11.3.tgz 0ms (cache hit)
400 http cache client-only@https://registry.npmjs.org/client-only/-/client-only-0.0.1.tgz 0ms (cache hit)
401 http cache detect-libc@https://registry.npmjs.org/detect-libc/-/detect-libc-2.1.2.tgz 0ms (cache hit)
402 http cache semver@https://registry.npmjs.org/semver/-/semver-7.8.5.tgz 0ms (cache hit)
403 http cache @img/sharp-libvips-linuxmusl-arm64@https://registry.npmjs.org/@img/sharp-libvips-linuxmusl-arm64/-/sharp-libvips-linuxmusl-arm64-1.3.2.tgz 0ms (cache hit)
404 http cache @img/sharp-linuxmusl-arm64@https://registry.npmjs.org/@img/sharp-linuxmusl-arm64/-/sharp-linuxmusl-arm64-0.35.3.tgz 0ms (cache hit)
405 http cache scheduler@https://registry.npmjs.org/scheduler/-/scheduler-0.27.0.tgz 0ms (cache hit)
406 http cache @img/sharp-wasm32@https://registry.npmjs.org/@img/sharp-wasm32/-/sharp-wasm32-0.35.3.tgz 0ms (cache hit)
407 http cache js-tokens@https://registry.npmjs.org/js-tokens/-/js-tokens-4.0.0.tgz 0ms (cache hit)
408 http cache source-map-js@https://registry.npmjs.org/source-map-js/-/source-map-js-1.2.1.tgz 0ms (cache hit)
409 http cache react-is@https://registry.npmjs.org/react-is/-/react-is-16.13.1.tgz 0ms (cache hit)
410 http cache nanoid@https://registry.npmjs.org/nanoid/-/nanoid-3.3.18.tgz 0ms (cache hit)
411 http cache loose-envify@https://registry.npmjs.org/loose-envify/-/loose-envify-1.4.0.tgz 0ms (cache hit)
412 http cache object-assign@https://registry.npmjs.org/object-assign/-/object-assign-4.1.1.tgz 0ms (cache hit)
413 http cache prop-types@https://registry.npmjs.org/prop-types/-/prop-types-15.8.1.tgz 0ms (cache hit)
414 http cache tslib@https://registry.npmjs.org/tslib/-/tslib-2.8.1.tgz 0ms (cache hit)
415 http cache styled-jsx@https://registry.npmjs.org/styled-jsx/-/styled-jsx-5.1.6.tgz 0ms (cache hit)
416 http cache picocolors@https://registry.npmjs.org/picocolors/-/picocolors-1.1.1.tgz 0ms (cache hit)
417 http cache sharp@https://registry.npmjs.org/sharp/-/sharp-0.35.3.tgz 0ms (cache hit)
418 http cache postcss@https://registry.npmjs.org/postcss/-/postcss-8.5.23.tgz 0ms (cache hit)
419 http cache @swc/helpers@https://registry.npmjs.org/@swc/helpers/-/helpers-0.5.15.tgz 0ms (cache hit)
420 http cache baseline-browser-mapping@https://registry.npmjs.org/baseline-browser-mapping/-/baseline-browser-mapping-2.11.13.tgz 0ms (cache hit)
421 http cache @next/swc-linux-arm64-musl@https://registry.npmjs.org/@next/swc-linux-arm64-musl/-/swc-linux-arm64-musl-16.3.0.tgz 0ms (cache hit)
422 http cache react-dom@https://registry.npmjs.org/react-dom/-/react-dom-19.2.8.tgz 0ms (cache hit)
423 http cache caniuse-lite@https://registry.npmjs.org/caniuse-lite/-/caniuse-lite-1.0.30001809.tgz 0ms (cache hit)
424 http cache react@https://registry.npmjs.org/react/-/react-19.2.8.tgz 0ms (cache hit)
425 http cache nextjs-toploader@https://registry.npmjs.org/nextjs-toploader/-/nextjs-toploader-3.9.17.tgz 0ms (cache hit)
426 http cache next@https://registry.npmjs.org/next/-/next-16.3.0.tgz 0ms (cache hit)
427 http cache @img/colour@https://registry.npmjs.org/@img/colour/-/colour-1.1.0.tgz 0ms (cache hit)
428 http cache nprogress@https://registry.npmjs.org/nprogress/-/nprogress-0.2.0.tgz 0ms (cache hit)
429 silly tarball no local data for @emnapi/runtime@https://registry.npmjs.org/@emnapi/runtime/-/runtime-1.11.3.tgz. Extracting by manifest.
430 silly tarball no local data for client-only@https://registry.npmjs.org/client-only/-/client-only-0.0.1.tgz. Extracting by manifest.
431 silly tarball no local data for @img/sharp-linuxmusl-arm64@https://registry.npmjs.org/@img/sharp-linuxmusl-arm64/-/sharp-linuxmusl-arm64-0.35.3.tgz. Extracting by manifest.
432 silly tarball no local data for @img/sharp-libvips-linuxmusl-arm64@https://registry.npmjs.org/@img/sharp-libvips-linuxmusl-arm64/-/sharp-libvips-linuxmusl-arm64-1.3.2.tgz. Extracting by manifest.
433 silly tarball no local data for detect-libc@https://registry.npmjs.org/detect-libc/-/detect-libc-2.1.2.tgz. Extracting by manifest.
434 silly tarball no local data for scheduler@https://registry.npmjs.org/scheduler/-/scheduler-0.27.0.tgz. Extracting by manifest.
435 silly tarball no local data for @img/sharp-wasm32@https://registry.npmjs.org/@img/sharp-wasm32/-/sharp-wasm32-0.35.3.tgz. Extracting by manifest.
436 silly tarball no local data for source-map-js@https://registry.npmjs.org/source-map-js/-/source-map-js-1.2.1.tgz. Extracting by manifest.
437 silly tarball no local data for react-is@https://registry.npmjs.org/react-is/-/react-is-16.13.1.tgz. Extracting by manifest.
438 silly tarball no local data for js-tokens@https://registry.npmjs.org/js-tokens/-/js-tokens-4.0.0.tgz. Extracting by manifest.
439 silly tarball no local data for nanoid@https://registry.npmjs.org/nanoid/-/nanoid-3.3.18.tgz. Extracting by manifest.
440 silly tarball no local data for loose-envify@https://registry.npmjs.org/loose-envify/-/loose-envify-1.4.0.tgz. Extracting by manifest.
441 silly tarball no local data for prop-types@https://registry.npmjs.org/prop-types/-/prop-types-15.8.1.tgz. Extracting by manifest.
442 silly tarball no local data for object-assign@https://registry.npmjs.org/object-assign/-/object-assign-4.1.1.tgz. Extracting by manifest.
443 silly tarball no local data for styled-jsx@https://registry.npmjs.org/styled-jsx/-/styled-jsx-5.1.6.tgz. Extracting by manifest.
444 silly tarball no local data for picocolors@https://registry.npmjs.org/picocolors/-/picocolors-1.1.1.tgz. Extracting by manifest.
445 silly tarball no local data for postcss@https://registry.npmjs.org/postcss/-/postcss-8.5.23.tgz. Extracting by manifest.
446 silly tarball no local data for sharp@https://registry.npmjs.org/sharp/-/sharp-0.35.3.tgz. Extracting by manifest.
447 silly tarball no local data for tslib@https://registry.npmjs.org/tslib/-/tslib-2.8.1.tgz. Extracting by manifest.
448 silly tarball no local data for @swc/helpers@https://registry.npmjs.org/@swc/helpers/-/helpers-0.5.15.tgz. Extracting by manifest.
449 silly tarball no local data for baseline-browser-mapping@https://registry.npmjs.org/baseline-browser-mapping/-/baseline-browser-mapping-2.11.13.tgz. Extracting by manifest.
450 silly tarball no local data for caniuse-lite@https://registry.npmjs.org/caniuse-lite/-/caniuse-lite-1.0.30001809.tgz. Extracting by manifest.
451 silly tarball no local data for react@https://registry.npmjs.org/react/-/react-19.2.8.tgz. Extracting by manifest.
452 silly tarball no local data for @next/swc-linux-arm64-musl@https://registry.npmjs.org/@next/swc-linux-arm64-musl/-/swc-linux-arm64-musl-16.3.0.tgz. Extracting by manifest.
453 silly tarball no local data for nextjs-toploader@https://registry.npmjs.org/nextjs-toploader/-/nextjs-toploader-3.9.17.tgz. Extracting by manifest.
454 silly tarball no local data for next@https://registry.npmjs.org/next/-/next-16.3.0.tgz. Extracting by manifest.
455 http cache @next/env@https://registry.npmjs.org/@next/env/-/env-16.3.0.tgz 0ms (cache hit)
456 silly tarball no local data for @img/colour@https://registry.npmjs.org/@img/colour/-/colour-1.1.0.tgz. Extracting by manifest.
457 silly tarball no local data for nprogress@https://registry.npmjs.org/nprogress/-/nprogress-0.2.0.tgz. Extracting by manifest.
458 silly tarball no local data for react-dom@https://registry.npmjs.org/react-dom/-/react-dom-19.2.8.tgz. Extracting by manifest.
459 silly tarball no local data for @next/env@https://registry.npmjs.org/@next/env/-/env-16.3.0.tgz. Extracting by manifest.
460 http fetch GET 200 https://registry.npmjs.org/detect-libc/-/detect-libc-2.1.2.tgz 318ms (cache miss)
461 http fetch GET 200 https://registry.npmjs.org/scheduler/-/scheduler-0.27.0.tgz 334ms (cache miss)
462 http fetch GET 200 https://registry.npmjs.org/client-only/-/client-only-0.0.1.tgz 344ms (cache miss)
463 http fetch GET 200 https://registry.npmjs.org/@img/sharp-linuxmusl-arm64/-/sharp-linuxmusl-arm64-0.35.3.tgz 421ms (cache miss)
464 http fetch GET 200 https://registry.npmjs.org/@emnapi/runtime/-/runtime-1.11.3.tgz 454ms (cache miss)
465 http fetch GET 200 https://registry.npmjs.org/picocolors/-/picocolors-1.1.1.tgz 667ms (cache miss)
466 http fetch GET 200 https://registry.npmjs.org/tslib/-/tslib-2.8.1.tgz 778ms (cache miss)
467 http fetch GET 200 https://registry.npmjs.org/postcss/-/postcss-8.5.23.tgz 1026ms (cache miss)
468 http fetch GET 200 https://registry.npmjs.org/sharp/-/sharp-0.35.3.tgz 1037ms (cache miss)
469 http fetch GET 200 https://registry.npmjs.org/baseline-browser-mapping/-/baseline-browser-mapping-2.11.13.tgz 1891ms (cache miss)
470 http fetch GET 200 https://registry.npmjs.org/js-tokens/-/js-tokens-4.0.0.tgz 2007ms (cache miss)
471 http fetch GET 200 https://registry.npmjs.org/nextjs-toploader/-/nextjs-toploader-3.9.17.tgz 2005ms (cache miss)
472 http fetch GET 200 https://registry.npmjs.org/react/-/react-19.2.8.tgz 2026ms (cache miss)
473 http fetch GET 200 https://registry.npmjs.org/nanoid/-/nanoid-3.3.18.tgz 2071ms (cache miss)
474 http fetch GET 200 https://registry.npmjs.org/source-map-js/-/source-map-js-1.2.1.tgz 2235ms (cache miss)
475 http fetch GET 200 https://registry.npmjs.org/react-is/-/react-is-16.13.1.tgz 2256ms (cache miss)
476 http fetch GET 200 https://registry.npmjs.org/@img/colour/-/colour-1.1.0.tgz 2237ms (cache miss)
477 http fetch GET 200 https://registry.npmjs.org/@next/env/-/env-16.3.0.tgz 2324ms (cache miss)
478 http fetch GET 200 https://registry.npmjs.org/nprogress/-/nprogress-0.2.0.tgz 2500ms (cache miss)
479 http fetch GET 200 https://registry.npmjs.org/@swc/helpers/-/helpers-0.5.15.tgz 3010ms (cache miss)
480 http fetch GET https://registry.npmjs.org/loose-envify/-/loose-envify-1.4.0.tgz attempt 1 failed with ETIMEDOUT
481 http fetch GET https://registry.npmjs.org/prop-types/-/prop-types-15.8.1.tgz attempt 1 failed with ETIMEDOUT
482 http fetch GET https://registry.npmjs.org/object-assign/-/object-assign-4.1.1.tgz attempt 1 failed with ETIMEDOUT
483 http fetch GET https://registry.npmjs.org/styled-jsx/-/styled-jsx-5.1.6.tgz attempt 1 failed with ETIMEDOUT
484 http fetch GET 200 https://registry.npmjs.org/caniuse-lite/-/caniuse-lite-1.0.30001809.tgz 4271ms (cache miss)
485 http fetch GET 200 https://registry.npmjs.org/@img/sharp-libvips-linuxmusl-arm64/-/sharp-libvips-linuxmusl-arm64-1.3.2.tgz 5812ms (cache miss)
486 http fetch GET 200 https://registry.npmjs.org/@img/sharp-wasm32/-/sharp-wasm32-0.35.3.tgz 7558ms (cache miss)
487 http fetch GET 200 https://registry.npmjs.org/react-dom/-/react-dom-19.2.8.tgz 8264ms (cache miss)
488 verbose reify failed optional dependency /public/node_modules/@next/swc-linux-arm64-musl
489 silly reify mark deleted [ '/public/node_modules/@next/swc-linux-arm64-musl' ]
490 http fetch GET https://registry.npmjs.org/object-assign/-/object-assign-4.1.1.tgz attempt 2 failed with ECONNABORTED
491 http fetch GET https://registry.npmjs.org/styled-jsx/-/styled-jsx-5.1.6.tgz attempt 2 failed with ECONNABORTED
492 http fetch GET https://registry.npmjs.org/prop-types/-/prop-types-15.8.1.tgz attempt 2 failed with ECONNABORTED
493 http fetch GET https://registry.npmjs.org/loose-envify/-/loose-envify-1.4.0.tgz attempt 2 failed with ECONNABORTED
494 http fetch GET https://registry.npmjs.org/styled-jsx/-/styled-jsx-5.1.6.tgz attempt 3 failed with ETIMEDOUT
495 http fetch GET https://registry.npmjs.org/loose-envify/-/loose-envify-1.4.0.tgz attempt 3 failed with ETIMEDOUT
496 http fetch GET https://registry.npmjs.org/prop-types/-/prop-types-15.8.1.tgz attempt 3 failed with ETIMEDOUT
497 http fetch GET https://registry.npmjs.org/object-assign/-/object-assign-4.1.1.tgz attempt 3 failed with ETIMEDOUT
498 verbose type system
499 verbose stack FetchError: request to https://registry.npmjs.org/object-assign/-/object-assign-4.1.1.tgz failed, reason: read ETIMEDOUT
499 verbose stack     at ClientRequest.<anonymous> (/usr/lib/node_modules/npm/node_modules/minipass-fetch/lib/index.js:130:14)
499 verbose stack     at ClientRequest.emit (node:events:519:28)
499 verbose stack     at emitErrorEvent (node:_http_client:108:11)
499 verbose stack     at _destroy (node:_http_client:967:9)
499 verbose stack     at onSocketNT (node:_http_client:987:5)
499 verbose stack     at process.processTicksAndRejections (node:internal/process/task_queues:90:21)
500 error code ETIMEDOUT
501 error syscall read
502 error errno ETIMEDOUT
503 error network request to https://registry.npmjs.org/object-assign/-/object-assign-4.1.1.tgz failed, reason: read ETIMEDOUT
504 error network This is a problem related to network connectivity.
504 error network In most cases you are behind a proxy or have bad network settings.
504 error network
504 error network If you are behind a proxy, please make sure that the
504 error network 'proxy' config is set properly.  See: 'npm help config'
505 silly unfinished npm timer reify 1786593076748
506 silly unfinished npm timer reify:unpack 1786593089310
507 silly unfinished npm timer reifyNode:node_modules/object-assign 1786593089313
508 silly unfinished npm timer reifyNode:node_modules/loose-envify 1786593089313
509 silly unfinished npm timer reifyNode:node_modules/prop-types 1786593089313
510 silly unfinished npm timer reifyNode:node_modules/styled-jsx 1786593089313
511 silly unfinished npm timer reifyNode:node_modules/next 1786593089314
512 verbose cwd /public
513 verbose os Linux 5.15.178-android13-8-00007-g362d545d31a5-ab14608873
514 verbose node v22.23.2
515 verbose npm  v10.9.1
516 verbose exit 1
517 verbose code 1
518 error A complete log of this run can be found in: /public/.npm/_logs/2026-08-13T03_51_04_950Z-debug-0.log
